
> ai-context-mcp@1.0.0 test
> jest

node.exe : PASS tests/ranker.test.ts
At line:1 char:1
+ & "C:\Program Files\nodejs/node.exe" "C:\Program Files\nodejs/node_mo ...
+ ~~~~~~~~~~~~~~~~~~~~~~~~~~~~~~~~~~~~~~~~~~~~~~~~~~~~~~~~~~~~~~~~~~~~~
    + CategoryInfo          : NotSpecified: (PASS tests/ranker.test.ts:String) [], Remo 
   teException
    + FullyQualifiedErrorId : NativeCommandError
 
PASS tests/version-detector.test.ts
PASS tests/skills-suggest.test.ts
PASS tests/github-fetcher.test.ts
  ΓùÅ Console

    console.error
      [Offline] Network fetch failed for offline.md. Returning stale cached data.

    [0m [90m 117 |[39m         [90m// Stale-While-Revalidate Fallback (Offline Mode 
Support)[39m
     [90m 118 |[39m         [36mif[39m (l2Result [33m&&[39m 
l2Result[33m.[39mcontent) {
    [31m[1m>[22m[39m[90m 119 |[39m             
console[33m.[39merror([32m`[Offline] Network fetch failed for ${filePath}. Returning 
stale cached data.`[39m)[33m;[39m
     [90m     |[39m                     [31m[1m^[22m[39m
     [90m 120 |[39m             [36mreturn[39m l2Result[33m.[39mcontent[33m;[39m
     [90m 121 |[39m         }
     [90m 122 |[39m[0m

      at GithubFetcher.fetchDocString (src/sources/github.ts:119:21)
      at Object.<anonymous> (tests/github-fetcher.test.ts:68:25)

PASS tests/changelog-parser.test.ts
PASS tests/snippet-extractor.test.ts
  ΓùÅ Console

    console.error
      Failed to parse Jupyter Notebook: SyntaxError: Unexpected token 'h', "this is 
not"... is not valid JSON

    [0m [90m 73 |[39m             }
     [90m 74 |[39m         } [36mcatch[39m (e) {
    [31m[1m>[22m[39m[90m 75 |[39m             
console[33m.[39merror([32m`Failed to parse Jupyter Notebook: ${e}`[39m)[33m;[39m
     [90m    |[39m                     [31m[1m^[22m[39m
     [90m 76 |[39m         }
     [90m 77 |[39m         [36mreturn[39m chunks[33m.[39mfilter(c [33m=>[39m 
c[33m.[39mcontent[33m.[39mlength [33m>[39m [35m5[39m)[33m;[39m
     [90m 78 |[39m     }[0m

      at SnippetExtractor.extractJupyterChunks (src/ranking/snippet-extractor.ts:75:21)
      at SnippetExtractor.extractChunks (src/ranking/snippet-extractor.ts:11:25)
      at Object.<anonymous> (tests/snippet-extractor.test.ts:88:34)

PASS tests/auto-migrate.test.ts
PASS tests/registry.test.ts (5.045 s)
PASS tests/source-signature.test.ts (5.074 s)

Test Suites: 9 passed, 9 total
Tests:       50 passed, 50 total
Snapshots:   0 total
Time:        6.124 s, estimated 8 s
Ran all test suites.
